PROGRAM
ID(example)
LPAREN
ID(input)
COMMA
ID(output)
RPAREN
SEMI
VAR
ID(x)
COMMA
ID(y)
COLON
INTEGER
SEMI
FUNCTION
ID(gcd)
LPAREN
ID(a)
COMMA
ID(b)
COLON
INTEGER
RPAREN
COLON
INTEGER
SEMI
TBEGIN
IF
ID(b)
EQ
NUM(0)
THEN
ID(gcd)
ASSIGNOP
ID(a)
ELSE
ID(gcd)
ASSIGNOP
ID(gcd)
LPAREN
ID(b)
COMMA
ID(a)
MOD
ID(b)
RPAREN
END
SEMI
TBEGIN
ID(read)
LPAREN
ID(x)
COMMA
ID(y)
RPAREN
SEMI
ID(write)
LPAREN
ID(gcd)
LPAREN
ID(x)
COMMA
ID(y)
RPAREN
RPAREN
END
DOT
EOF
-- done dumping tokens --
